{"synthetic": false,
 "schemaVersion": "2025-09-10",
 "outputs":
 {"o": ["97ab22a5a6b00327.olean"],
  "i": "f049bd0b14c3f988.ilean",
  "c": "c6a9e0c38fced39c.c"},
 "log":
 [{"message":
   ".> LEAN_PATH=/tmp/ai4math-replication/lean/.lake/packages/Cli/.lake/build/lib/lean:/tmp/ai4math-replication/lean/.lake/packages/batteries/.lake/build/lib/lean:/tmp/ai4math-replication/lean/.lake/packages/Qq/.lake/build/lib/lean:/tmp/ai4math-replication/lean/.lake/packages/aesop/.lake/build/lib/lean:/tmp/ai4math-replication/lean/.lake/packages/proofwidgets/.lake/build/lib/lean:/tmp/ai4math-replication/lean/.lake/packages/importGraph/.lake/build/lib/lean:/tmp/ai4math-replication/lean/.lake/packages/LeanSearchClient/.lake/build/lib/lean:/tmp/ai4math-replication/lean/.lake/packages/plausible/.lake/build/lib/lean:/tmp/ai4math-replication/lean/.lake/packages/mathlib/.lake/build/lib/lean:/tmp/ai4math-replication/lean/.lake/packages/Pythia/.lake/build/lib/lean:/tmp/ai4math-replication/lean/.lake/build/lib/lean /home/azureuser/.elan/toolchains/leanprover--lean4---v4.28.0/bin/lean /tmp/ai4math-replication/lean/CreditAssignment/ActorCritic.lean -o /tmp/ai4math-replication/lean/.lake/build/lib/lean/CreditAssignment/ActorCritic.olean -i /tmp/ai4math-replication/lean/.lake/build/lib/lean/CreditAssignment/ActorCritic.ilean -c /tmp/ai4math-replication/lean/.lake/build/ir/CreditAssignment/ActorCritic.c --setup /tmp/ai4math-replication/lean/.lake/build/ir/CreditAssignment/ActorCritic.setup.json --json",
   "level": "trace"},
  {"message":
   "CreditAssignment/ActorCritic.lean:237:5: unused variable `hgl`\n\nNote: This linter can be disabled with `set_option linter.unusedVariables false`",
   "level": "warning"},
  {"message":
   "CreditAssignment/ActorCritic.lean:238:5: unused variable `h_two_timescale`\n\nNote: This linter can be disabled with `set_option linter.unusedVariables false`",
   "level": "warning"},
  {"message":
   "CreditAssignment/ActorCritic.lean:241:22: unused variable `hBounded`\n\nNote: This linter can be disabled with `set_option linter.unusedVariables false`",
   "level": "warning"}],
 "inputs":
 [["CreditAssignment.ActorCritic:deps",
   [["deps",
     [["CreditAssignment/CreditAssignment:extraDep",
       [["@CreditAssignment:extraDep", "00000000000006bb"]]],
      ["imports",
       [["CreditAssignment.Basic transitive imports (legacy)",
         "6aec46451c69913f"],
        ["CreditAssignment.Basic:importAllArts", "c6ba5485d78fac81"],
        ["CreditAssignment.EligibilityTrace transitive imports (legacy)",
         "51453095875c8d2d"],
        ["CreditAssignment.EligibilityTrace:importAllArts", "2ebd609e58bc1f54"],
        ["Mathlib transitive imports (legacy)", "8fd896a9b3011bd6"],
        ["Mathlib:importAllArts", "8fc2a9ec06d95bdc"]]]]],
    ["libs",
     [["import dynlibs", "00000000000006bb"],
      ["package external libraries", "00000000000006bb"],
      ["module dynlibs", "00000000000006bb"],
      ["module plugins", "00000000000006bb"]]]]],
  ["Lean 4.28.0, commit 7e01a1bf5c70fc6167d49c345d3bf80596e9a79b",
   "a96bc04a2e5e9630"],
  ["/tmp/ai4math-replication/lean/CreditAssignment/ActorCritic.lean",
   "55d3d5809fcb4d9b"],
  ["options", "00000000000006bb"],
  ["Module.leanArgs: #[]", "00000000000006bb"]],
 "depHash": "59e95512f014a447"}