{"synthetic": false,
 "schemaVersion": "2025-09-10",
 "outputs":
 {"o": ["5f0d8b5a37877718.olean"],
  "i": "9bb729d6e33cfb48.ilean",
  "c": "ad0e1e6027d136df.c"},
 "log":
 [{"message":
   ".> LEAN_PATH=/tmp/ai4math-replication/lean/.lake/packages/Cli/.lake/build/lib/lean:/tmp/ai4math-replication/lean/.lake/packages/batteries/.lake/build/lib/lean:/tmp/ai4math-replication/lean/.lake/packages/Qq/.lake/build/lib/lean:/tmp/ai4math-replication/lean/.lake/packages/aesop/.lake/build/lib/lean:/tmp/ai4math-replication/lean/.lake/packages/proofwidgets/.lake/build/lib/lean:/tmp/ai4math-replication/lean/.lake/packages/importGraph/.lake/build/lib/lean:/tmp/ai4math-replication/lean/.lake/packages/LeanSearchClient/.lake/build/lib/lean:/tmp/ai4math-replication/lean/.lake/packages/plausible/.lake/build/lib/lean:/tmp/ai4math-replication/lean/.lake/packages/mathlib/.lake/build/lib/lean:/tmp/ai4math-replication/lean/.lake/packages/Pythia/.lake/build/lib/lean:/tmp/ai4math-replication/lean/.lake/build/lib/lean /home/azureuser/.elan/toolchains/leanprover--lean4---v4.28.0/bin/lean /tmp/ai4math-replication/lean/CreditAssignment/Basic.lean -o /tmp/ai4math-replication/lean/.lake/build/lib/lean/CreditAssignment/Basic.olean -i /tmp/ai4math-replication/lean/.lake/build/lib/lean/CreditAssignment/Basic.ilean -c /tmp/ai4math-replication/lean/.lake/build/ir/CreditAssignment/Basic.c --setup /tmp/ai4math-replication/lean/.lake/build/ir/CreditAssignment/Basic.setup.json --json",
   "level": "trace"}],
 "inputs":
 [["CreditAssignment.Basic:deps",
   [["deps",
     [["CreditAssignment/CreditAssignment:extraDep",
       [["@CreditAssignment:extraDep", "00000000000006bb"]]],
      ["imports",
       [["Mathlib.Data.Real.Basic transitive imports (legacy)",
         "e99232c582a80006"],
        ["Mathlib.Data.Real.Basic:importAllArts", "cb66a25f329c2b11"],
        ["Mathlib.Data.Fintype.Basic transitive imports (legacy)",
         "4e94253bc0d7cbb5"],
        ["Mathlib.Data.Fintype.Basic:importAllArts", "17fb2da79acf29b9"],
        ["Mathlib.Probability.ProbabilityMassFunction.Basic transitive imports (legacy)",
         "abd13f169dad1c80"],
        ["Mathlib.Probability.ProbabilityMassFunction.Basic:importAllArts",
         "035525aab8898b22"],
        ["Mathlib.Topology.Algebra.InfiniteSum.Basic transitive imports (legacy)",
         "ebcb78390bd3ebaf"],
        ["Mathlib.Topology.Algebra.InfiniteSum.Basic:importAllArts",
         "147ed70e7667ddb0"]]]]],
    ["libs",
     [["import dynlibs", "00000000000006bb"],
      ["package external libraries", "00000000000006bb"],
      ["module dynlibs", "00000000000006bb"],
      ["module plugins", "00000000000006bb"]]]]],
  ["Lean 4.28.0, commit 7e01a1bf5c70fc6167d49c345d3bf80596e9a79b",
   "a96bc04a2e5e9630"],
  ["/tmp/ai4math-replication/lean/CreditAssignment/Basic.lean",
   "cd2d58f96927edf6"],
  ["options", "00000000000006bb"],
  ["Module.leanArgs: #[]", "00000000000006bb"]],
 "depHash": "f38793d01e9a81d1"}