{"synthetic": false,
 "schemaVersion": "2025-09-10",
 "outputs":
 {"o": ["bf600f859b89ce4d.olean"],
  "i": "401afe65b49831cf.ilean",
  "c": "4e71e4d8948d0835.c"},
 "log":
 [{"message":
   ".> LEAN_PATH=/tmp/ai4math-replication/lean/.lake/packages/Cli/.lake/build/lib/lean:/tmp/ai4math-replication/lean/.lake/packages/batteries/.lake/build/lib/lean:/tmp/ai4math-replication/lean/.lake/packages/Qq/.lake/build/lib/lean:/tmp/ai4math-replication/lean/.lake/packages/aesop/.lake/build/lib/lean:/tmp/ai4math-replication/lean/.lake/packages/proofwidgets/.lake/build/lib/lean:/tmp/ai4math-replication/lean/.lake/packages/importGraph/.lake/build/lib/lean:/tmp/ai4math-replication/lean/.lake/packages/LeanSearchClient/.lake/build/lib/lean:/tmp/ai4math-replication/lean/.lake/packages/plausible/.lake/build/lib/lean:/tmp/ai4math-replication/lean/.lake/packages/mathlib/.lake/build/lib/lean:/tmp/ai4math-replication/lean/.lake/packages/Pythia/.lake/build/lib/lean:/tmp/ai4math-replication/lean/.lake/build/lib/lean /home/azureuser/.elan/toolchains/leanprover--lean4---v4.28.0/bin/lean /tmp/ai4math-replication/lean/CreditAssignment/CreditWindow.lean -o /tmp/ai4math-replication/lean/.lake/build/lib/lean/CreditAssignment/CreditWindow.olean -i /tmp/ai4math-replication/lean/.lake/build/lib/lean/CreditAssignment/CreditWindow.ilean -c /tmp/ai4math-replication/lean/.lake/build/ir/CreditAssignment/CreditWindow.c --setup /tmp/ai4math-replication/lean/.lake/build/ir/CreditAssignment/CreditWindow.setup.json --json",
   "level": "trace"}],
 "inputs":
 [["CreditAssignment.CreditWindow:deps",
   [["deps",
     [["CreditAssignment/CreditAssignment:extraDep",
       [["@CreditAssignment:extraDep", "00000000000006bb"]]],
      ["imports",
       [["CreditAssignment.Basic transitive imports (legacy)",
         "6aec46451c69913f"],
        ["CreditAssignment.Basic:importAllArts", "c6ba5485d78fac81"],
        ["CreditAssignment.EligibilityTrace transitive imports (legacy)",
         "51453095875c8d2d"],
        ["CreditAssignment.EligibilityTrace:importAllArts",
         "2ebd609e58bc1f54"]]]]],
    ["libs",
     [["import dynlibs", "00000000000006bb"],
      ["package external libraries", "00000000000006bb"],
      ["module dynlibs", "00000000000006bb"],
      ["module plugins", "00000000000006bb"]]]]],
  ["Lean 4.28.0, commit 7e01a1bf5c70fc6167d49c345d3bf80596e9a79b",
   "a96bc04a2e5e9630"],
  ["/tmp/ai4math-replication/lean/CreditAssignment/CreditWindow.lean",
   "28a1c054edbb9ebd"],
  ["options", "00000000000006bb"],
  ["Module.leanArgs: #[]", "00000000000006bb"]],
 "depHash": "64b4cdd50f478471"}