{"synthetic": false,
 "schemaVersion": "2025-09-10",
 "outputs":
 {"o": ["97918ee5c22152dd.olean"],
  "i": "07fc391f9225ed20.ilean",
  "c": "68812530f7cae69e.c"},
 "log":
 [{"message":
   ".> LEAN_PATH=/tmp/ai4math-replication/lean/.lake/packages/Cli/.lake/build/lib/lean:/tmp/ai4math-replication/lean/.lake/packages/batteries/.lake/build/lib/lean:/tmp/ai4math-replication/lean/.lake/packages/Qq/.lake/build/lib/lean:/tmp/ai4math-replication/lean/.lake/packages/aesop/.lake/build/lib/lean:/tmp/ai4math-replication/lean/.lake/packages/proofwidgets/.lake/build/lib/lean:/tmp/ai4math-replication/lean/.lake/packages/importGraph/.lake/build/lib/lean:/tmp/ai4math-replication/lean/.lake/packages/LeanSearchClient/.lake/build/lib/lean:/tmp/ai4math-replication/lean/.lake/packages/plausible/.lake/build/lib/lean:/tmp/ai4math-replication/lean/.lake/packages/mathlib/.lake/build/lib/lean:/tmp/ai4math-replication/lean/.lake/packages/Pythia/.lake/build/lib/lean:/tmp/ai4math-replication/lean/.lake/build/lib/lean /home/azureuser/.elan/toolchains/leanprover--lean4---v4.28.0/bin/lean /tmp/ai4math-replication/lean/CreditAssignment/DistinguishabilityMatrix.lean -o /tmp/ai4math-replication/lean/.lake/build/lib/lean/CreditAssignment/DistinguishabilityMatrix.olean -i /tmp/ai4math-replication/lean/.lake/build/lib/lean/CreditAssignment/DistinguishabilityMatrix.ilean -c /tmp/ai4math-replication/lean/.lake/build/ir/CreditAssignment/DistinguishabilityMatrix.c --setup /tmp/ai4math-replication/lean/.lake/build/ir/CreditAssignment/DistinguishabilityMatrix.setup.json --json",
   "level": "trace"},
  {"message":
   "CreditAssignment/DistinguishabilityMatrix.lean:54:28: unused variable `hγ`\n\nNote: This linter can be disabled with `set_option linter.unusedVariables false`",
   "level": "warning"},
  {"message":
   "CreditAssignment/DistinguishabilityMatrix.lean:55:23: unused variable `θ`\n\nNote: This linter can be disabled with `set_option linter.unusedVariables false`",
   "level": "warning"},
  {"message":
   "CreditAssignment/DistinguishabilityMatrix.lean:56:22: unused variable `a`\n\nNote: This linter can be disabled with `set_option linter.unusedVariables false`",
   "level": "warning"},
  {"message":
   "CreditAssignment/DistinguishabilityMatrix.lean:81:5: unused variable `V`\n\nNote: This linter can be disabled with `set_option linter.unusedVariables false`",
   "level": "warning"},
  {"message":
   "CreditAssignment/DistinguishabilityMatrix.lean:82:7: unused variable `s`\n\nNote: This linter can be disabled with `set_option linter.unusedVariables false`",
   "level": "warning"},
  {"message":
   "CreditAssignment/DistinguishabilityMatrix.lean:103:17: unused variable `hNt`\n\nNote: This linter can be disabled with `set_option linter.unusedVariables false`",
   "level": "warning"},
  {"message":
   "CreditAssignment/DistinguishabilityMatrix.lean:103:32: unused variable `hNm`\n\nNote: This linter can be disabled with `set_option linter.unusedVariables false`",
   "level": "warning"},
  {"message":
   "CreditAssignment/DistinguishabilityMatrix.lean:104:28: unused variable `hγ`\n\nNote: This linter can be disabled with `set_option linter.unusedVariables false`",
   "level": "warning"},
  {"message":
   "CreditAssignment/DistinguishabilityMatrix.lean:108:33: unused variable `hV_next`\n\nNote: This linter can be disabled with `set_option linter.unusedVariables false`",
   "level": "warning"},
  {"message":
   "CreditAssignment/DistinguishabilityMatrix.lean:145:28: unused variable `hγ`\n\nNote: This linter can be disabled with `set_option linter.unusedVariables false`",
   "level": "warning"},
  {"message":
   "CreditAssignment/DistinguishabilityMatrix.lean:149:33: unused variable `hV_next`\n\nNote: This linter can be disabled with `set_option linter.unusedVariables false`",
   "level": "warning"},
  {"message":
   "CreditAssignment/DistinguishabilityMatrix.lean:168:28: unused variable `hγ`\n\nNote: This linter can be disabled with `set_option linter.unusedVariables false`",
   "level": "warning"},
  {"message":
   "CreditAssignment/DistinguishabilityMatrix.lean:172:33: unused variable `hV_next`\n\nNote: This linter can be disabled with `set_option linter.unusedVariables false`",
   "level": "warning"},
  {"message":
   "CreditAssignment/DistinguishabilityMatrix.lean:196:26: unused variable `θ`\n\nNote: This linter can be disabled with `set_option linter.unusedVariables false`",
   "level": "warning"},
  {"message":
   "CreditAssignment/DistinguishabilityMatrix.lean:197:25: unused variable `a`\n\nNote: This linter can be disabled with `set_option linter.unusedVariables false`",
   "level": "warning"}],
 "inputs":
 [["CreditAssignment.DistinguishabilityMatrix:deps",
   [["deps",
     [["CreditAssignment/CreditAssignment:extraDep",
       [["@CreditAssignment:extraDep", "00000000000006bb"]]],
      ["imports",
       [["CreditAssignment.Basic transitive imports (legacy)",
         "6aec46451c69913f"],
        ["CreditAssignment.Basic:importAllArts", "c6ba5485d78fac81"],
        ["CreditAssignment.TD0 transitive imports (legacy)",
         "07c58f0ec0153797"],
        ["CreditAssignment.TD0:importAllArts", "25a3c98235e506a5"],
        ["CreditAssignment.EligibilityTrace transitive imports (legacy)",
         "51453095875c8d2d"],
        ["CreditAssignment.EligibilityTrace:importAllArts", "2ebd609e58bc1f54"],
        ["CreditAssignment.ValueFreeTeachingSignal transitive imports (legacy)",
         "75e124fa316fd335"],
        ["CreditAssignment.ValueFreeTeachingSignal:importAllArts",
         "67c6fb19bd10de13"],
        ["CreditAssignment.Markowitz transitive imports (legacy)",
         "75e124fa316fd335"],
        ["CreditAssignment.Markowitz:importAllArts", "443a93327b3691dd"],
        ["CreditAssignment.TMRL transitive imports (legacy)",
         "75e124fa316fd335"],
        ["CreditAssignment.TMRL:importAllArts", "06658e19a44c6ef6"]]]]],
    ["libs",
     [["import dynlibs", "00000000000006bb"],
      ["package external libraries", "00000000000006bb"],
      ["module dynlibs", "00000000000006bb"],
      ["module plugins", "00000000000006bb"]]]]],
  ["Lean 4.28.0, commit 7e01a1bf5c70fc6167d49c345d3bf80596e9a79b",
   "a96bc04a2e5e9630"],
  ["/tmp/ai4math-replication/lean/CreditAssignment/DistinguishabilityMatrix.lean",
   "b8880a72cb6a00c7"],
  ["options", "00000000000006bb"],
  ["Module.leanArgs: #[]", "00000000000006bb"]],
 "depHash": "2b3931d4071276ba"}