{"synthetic": false,
 "schemaVersion": "2025-09-10",
 "outputs":
 {"o": ["028f801ba4b3a6d6.olean"],
  "i": "1834db0b3539aa06.ilean",
  "c": "7713639c12059c02.c"},
 "log":
 [{"message":
   ".> LEAN_PATH=/tmp/ai4math-replication/lean/.lake/packages/Cli/.lake/build/lib/lean:/tmp/ai4math-replication/lean/.lake/packages/batteries/.lake/build/lib/lean:/tmp/ai4math-replication/lean/.lake/packages/Qq/.lake/build/lib/lean:/tmp/ai4math-replication/lean/.lake/packages/aesop/.lake/build/lib/lean:/tmp/ai4math-replication/lean/.lake/packages/proofwidgets/.lake/build/lib/lean:/tmp/ai4math-replication/lean/.lake/packages/importGraph/.lake/build/lib/lean:/tmp/ai4math-replication/lean/.lake/packages/LeanSearchClient/.lake/build/lib/lean:/tmp/ai4math-replication/lean/.lake/packages/plausible/.lake/build/lib/lean:/tmp/ai4math-replication/lean/.lake/packages/mathlib/.lake/build/lib/lean:/tmp/ai4math-replication/lean/.lake/packages/Pythia/.lake/build/lib/lean:/tmp/ai4math-replication/lean/.lake/build/lib/lean /home/azureuser/.elan/toolchains/leanprover--lean4---v4.28.0/bin/lean /tmp/ai4math-replication/lean/CreditAssignment/EligibilityTrace.lean -o /tmp/ai4math-replication/lean/.lake/build/lib/lean/CreditAssignment/EligibilityTrace.olean -i /tmp/ai4math-replication/lean/.lake/build/lib/lean/CreditAssignment/EligibilityTrace.ilean -c /tmp/ai4math-replication/lean/.lake/build/ir/CreditAssignment/EligibilityTrace.c --setup /tmp/ai4math-replication/lean/.lake/build/ir/CreditAssignment/EligibilityTrace.setup.json --json",
   "level": "trace"}],
 "inputs":
 [["CreditAssignment.EligibilityTrace:deps",
   [["deps",
     [["CreditAssignment/CreditAssignment:extraDep",
       [["@CreditAssignment:extraDep", "00000000000006bb"]]],
      ["imports",
       [["CreditAssignment.Basic transitive imports (legacy)",
         "6aec46451c69913f"],
        ["CreditAssignment.Basic:importAllArts", "c6ba5485d78fac81"],
        ["Mathlib.Analysis.SpecificLimits.Basic transitive imports (legacy)",
         "e0f2d6a93815013a"],
        ["Mathlib.Analysis.SpecificLimits.Basic:importAllArts",
         "394ae4409fd18bd5"],
        ["Mathlib.Analysis.Normed.Order.Lattice transitive imports (legacy)",
         "ef50da77e2ed56f0"],
        ["Mathlib.Analysis.Normed.Order.Lattice:importAllArts",
         "22cb013a21aa29c9"],
        ["Mathlib.Topology.Algebra.InfiniteSum.Basic transitive imports (legacy)",
         "ebcb78390bd3ebaf"],
        ["Mathlib.Topology.Algebra.InfiniteSum.Basic:importAllArts",
         "147ed70e7667ddb0"],
        ["Mathlib.Analysis.SpecialFunctions.Log.Basic transitive imports (legacy)",
         "f36d2ff103b85596"],
        ["Mathlib.Analysis.SpecialFunctions.Log.Basic:importAllArts",
         "ae904090a670baaf"],
        ["Mathlib.Analysis.SpecialFunctions.Exp transitive imports (legacy)",
         "a5d6fe7159700e3f"],
        ["Mathlib.Analysis.SpecialFunctions.Exp:importAllArts",
         "1493f7983984acf6"],
        ["Mathlib.Analysis.SpecialFunctions.Pow.Real transitive imports (legacy)",
         "3ef2ee50941acef0"],
        ["Mathlib.Analysis.SpecialFunctions.Pow.Real:importAllArts",
         "40fe970f6933760a"]]]]],
    ["libs",
     [["import dynlibs", "00000000000006bb"],
      ["package external libraries", "00000000000006bb"],
      ["module dynlibs", "00000000000006bb"],
      ["module plugins", "00000000000006bb"]]]]],
  ["Lean 4.28.0, commit 7e01a1bf5c70fc6167d49c345d3bf80596e9a79b",
   "a96bc04a2e5e9630"],
  ["/tmp/ai4math-replication/lean/CreditAssignment/EligibilityTrace.lean",
   "ba15043049200349"],
  ["options", "00000000000006bb"],
  ["Module.leanArgs: #[]", "00000000000006bb"]],
 "depHash": "b97798e04c744347"}