{"synthetic": false,
 "schemaVersion": "2025-09-10",
 "outputs":
 {"o": ["78af6dc281b5dafe.olean"],
  "i": "0b8adb2ff657a99f.ilean",
  "c": "8cadd61cab0c1934.c"},
 "log":
 [{"message":
   ".> LEAN_PATH=/tmp/ai4math-replication/lean/.lake/packages/Cli/.lake/build/lib/lean:/tmp/ai4math-replication/lean/.lake/packages/batteries/.lake/build/lib/lean:/tmp/ai4math-replication/lean/.lake/packages/Qq/.lake/build/lib/lean:/tmp/ai4math-replication/lean/.lake/packages/aesop/.lake/build/lib/lean:/tmp/ai4math-replication/lean/.lake/packages/proofwidgets/.lake/build/lib/lean:/tmp/ai4math-replication/lean/.lake/packages/importGraph/.lake/build/lib/lean:/tmp/ai4math-replication/lean/.lake/packages/LeanSearchClient/.lake/build/lib/lean:/tmp/ai4math-replication/lean/.lake/packages/plausible/.lake/build/lib/lean:/tmp/ai4math-replication/lean/.lake/packages/mathlib/.lake/build/lib/lean:/tmp/ai4math-replication/lean/.lake/packages/Pythia/.lake/build/lib/lean:/tmp/ai4math-replication/lean/.lake/build/lib/lean /home/azureuser/.elan/toolchains/leanprover--lean4---v4.28.0/bin/lean /tmp/ai4math-replication/lean/CreditAssignment/Markowitz.lean -o /tmp/ai4math-replication/lean/.lake/build/lib/lean/CreditAssignment/Markowitz.olean -i /tmp/ai4math-replication/lean/.lake/build/lib/lean/CreditAssignment/Markowitz.ilean -c /tmp/ai4math-replication/lean/.lake/build/ir/CreditAssignment/Markowitz.c --setup /tmp/ai4math-replication/lean/.lake/build/ir/CreditAssignment/Markowitz.setup.json --json",
   "level": "trace"},
  {"message":
   "CreditAssignment/Markowitz.lean:72:13: unused variable `hε_pos`\n\nNote: This linter can be disabled with `set_option linter.unusedVariables false`",
   "level": "warning"},
  {"message":
   "CreditAssignment/Markowitz.lean:72:30: unused variable `hε_half`\n\nNote: This linter can be disabled with `set_option linter.unusedVariables false`",
   "level": "warning"}],
 "inputs":
 [["CreditAssignment.Markowitz:deps",
   [["deps",
     [["CreditAssignment/CreditAssignment:extraDep",
       [["@CreditAssignment:extraDep", "00000000000006bb"]]],
      ["imports",
       [["CreditAssignment.Basic transitive imports (legacy)",
         "6aec46451c69913f"],
        ["CreditAssignment.Basic:importAllArts", "c6ba5485d78fac81"]]]]],
    ["libs",
     [["import dynlibs", "00000000000006bb"],
      ["package external libraries", "00000000000006bb"],
      ["module dynlibs", "00000000000006bb"],
      ["module plugins", "00000000000006bb"]]]]],
  ["Lean 4.28.0, commit 7e01a1bf5c70fc6167d49c345d3bf80596e9a79b",
   "a96bc04a2e5e9630"],
  ["/tmp/ai4math-replication/lean/CreditAssignment/Markowitz.lean",
   "d5f83cfc0adf094b"],
  ["options", "00000000000006bb"],
  ["Module.leanArgs: #[]", "00000000000006bb"]],
 "depHash": "729819bbd977d94b"}