{"synthetic": false,
 "schemaVersion": "2025-09-10",
 "outputs":
 {"o": ["90f75da26b8e8517.olean"],
  "i": "c457b8e65cff619c.ilean",
  "c": "55c309f868e83e22.c"},
 "log":
 [{"message":
   ".> LEAN_PATH=/tmp/ai4math-replication/lean/.lake/packages/Cli/.lake/build/lib/lean:/tmp/ai4math-replication/lean/.lake/packages/batteries/.lake/build/lib/lean:/tmp/ai4math-replication/lean/.lake/packages/Qq/.lake/build/lib/lean:/tmp/ai4math-replication/lean/.lake/packages/aesop/.lake/build/lib/lean:/tmp/ai4math-replication/lean/.lake/packages/proofwidgets/.lake/build/lib/lean:/tmp/ai4math-replication/lean/.lake/packages/importGraph/.lake/build/lib/lean:/tmp/ai4math-replication/lean/.lake/packages/LeanSearchClient/.lake/build/lib/lean:/tmp/ai4math-replication/lean/.lake/packages/plausible/.lake/build/lib/lean:/tmp/ai4math-replication/lean/.lake/packages/mathlib/.lake/build/lib/lean:/tmp/ai4math-replication/lean/.lake/packages/Pythia/.lake/build/lib/lean:/tmp/ai4math-replication/lean/.lake/build/lib/lean /home/azureuser/.elan/toolchains/leanprover--lean4---v4.28.0/bin/lean /tmp/ai4math-replication/lean/CreditAssignment/SARSA0.lean -o /tmp/ai4math-replication/lean/.lake/build/lib/lean/CreditAssignment/SARSA0.olean -i /tmp/ai4math-replication/lean/.lake/build/lib/lean/CreditAssignment/SARSA0.ilean -c /tmp/ai4math-replication/lean/.lake/build/ir/CreditAssignment/SARSA0.c --setup /tmp/ai4math-replication/lean/.lake/build/ir/CreditAssignment/SARSA0.setup.json --json",
   "level": "trace"}],
 "inputs":
 [["CreditAssignment.SARSA0:deps",
   [["deps",
     [["CreditAssignment/CreditAssignment:extraDep",
       [["@CreditAssignment:extraDep", "00000000000006bb"]]],
      ["imports",
       [["CreditAssignment.Basic transitive imports (legacy)",
         "6aec46451c69913f"],
        ["CreditAssignment.Basic:importAllArts", "c6ba5485d78fac81"],
        ["Mathlib.Topology.Order.Basic transitive imports (legacy)",
         "f33a13734b4e63b0"],
        ["Mathlib.Topology.Order.Basic:importAllArts", "83c22b9021a57522"],
        ["Mathlib.Topology.MetricSpace.Basic transitive imports (legacy)",
         "528a605eabfe830e"],
        ["Mathlib.Topology.MetricSpace.Basic:importAllArts",
         "9558704fa929d9de"],
        ["Mathlib.Topology.Algebra.InfiniteSum.Basic transitive imports (legacy)",
         "ebcb78390bd3ebaf"],
        ["Mathlib.Topology.Algebra.InfiniteSum.Basic:importAllArts",
         "147ed70e7667ddb0"],
        ["Mathlib.Topology.Order.LiminfLimsup transitive imports (legacy)",
         "aef23c9179a61350"],
        ["Mathlib.Topology.Order.LiminfLimsup:importAllArts",
         "a0af84bed03c6332"],
        ["Mathlib.Topology.Algebra.Order.Archimedean transitive imports (legacy)",
         "6f3bcff918882621"],
        ["Mathlib.Topology.Algebra.Order.Archimedean:importAllArts",
         "b20ce82906ea31d2"],
        ["Mathlib.Analysis.SpecialFunctions.Exp transitive imports (legacy)",
         "a5d6fe7159700e3f"],
        ["Mathlib.Analysis.SpecialFunctions.Exp:importAllArts",
         "1493f7983984acf6"],
        ["Mathlib.Topology.Algebra.InfiniteSum.Real transitive imports (legacy)",
         "a68633ace8f8dd21"],
        ["Mathlib.Topology.Algebra.InfiniteSum.Real:importAllArts",
         "f7c70d0cb715065f"]]]]],
    ["libs",
     [["import dynlibs", "00000000000006bb"],
      ["package external libraries", "00000000000006bb"],
      ["module dynlibs", "00000000000006bb"],
      ["module plugins", "00000000000006bb"]]]]],
  ["Lean 4.28.0, commit 7e01a1bf5c70fc6167d49c345d3bf80596e9a79b",
   "a96bc04a2e5e9630"],
  ["/tmp/ai4math-replication/lean/CreditAssignment/SARSA0.lean",
   "701160631e643d2d"],
  ["options", "00000000000006bb"],
  ["Module.leanArgs: #[]", "00000000000006bb"]],
 "depHash": "bfe8ec9a045a67e3"}