{"synthetic": false,
 "schemaVersion": "2025-09-10",
 "outputs":
 {"o": ["a0530e52f9a30276.olean"],
  "i": "92e10a215747718b.ilean",
  "c": "aef299e4ad3fe597.c"},
 "log":
 [{"message":
   ".> LEAN_PATH=/tmp/ai4math-replication/lean/.lake/packages/Cli/.lake/build/lib/lean:/tmp/ai4math-replication/lean/.lake/packages/batteries/.lake/build/lib/lean:/tmp/ai4math-replication/lean/.lake/packages/Qq/.lake/build/lib/lean:/tmp/ai4math-replication/lean/.lake/packages/aesop/.lake/build/lib/lean:/tmp/ai4math-replication/lean/.lake/packages/proofwidgets/.lake/build/lib/lean:/tmp/ai4math-replication/lean/.lake/packages/importGraph/.lake/build/lib/lean:/tmp/ai4math-replication/lean/.lake/packages/LeanSearchClient/.lake/build/lib/lean:/tmp/ai4math-replication/lean/.lake/packages/plausible/.lake/build/lib/lean:/tmp/ai4math-replication/lean/.lake/packages/mathlib/.lake/build/lib/lean:/tmp/ai4math-replication/lean/.lake/packages/Pythia/.lake/build/lib/lean:/tmp/ai4math-replication/lean/.lake/build/lib/lean /home/azureuser/.elan/toolchains/leanprover--lean4---v4.28.0/bin/lean /tmp/ai4math-replication/lean/CreditAssignment/TD0.lean -o /tmp/ai4math-replication/lean/.lake/build/lib/lean/CreditAssignment/TD0.olean -i /tmp/ai4math-replication/lean/.lake/build/lib/lean/CreditAssignment/TD0.ilean -c /tmp/ai4math-replication/lean/.lake/build/ir/CreditAssignment/TD0.c --setup /tmp/ai4math-replication/lean/.lake/build/ir/CreditAssignment/TD0.setup.json --json",
   "level": "trace"}],
 "inputs":
 [["CreditAssignment.TD0:deps",
   [["deps",
     [["CreditAssignment/CreditAssignment:extraDep",
       [["@CreditAssignment:extraDep", "00000000000006bb"]]],
      ["imports",
       [["CreditAssignment.Basic transitive imports (legacy)",
         "6aec46451c69913f"],
        ["CreditAssignment.Basic:importAllArts", "c6ba5485d78fac81"],
        ["Mathlib.Probability.Kernel.Basic transitive imports (legacy)",
         "c007fae71a4b0cd7"],
        ["Mathlib.Probability.Kernel.Basic:importAllArts", "0eacd7be7d5ebb4f"],
        ["Mathlib.Topology.Order.Basic transitive imports (legacy)",
         "f33a13734b4e63b0"],
        ["Mathlib.Topology.Order.Basic:importAllArts", "83c22b9021a57522"],
        ["Mathlib.Topology.MetricSpace.Basic transitive imports (legacy)",
         "528a605eabfe830e"],
        ["Mathlib.Topology.MetricSpace.Basic:importAllArts",
         "9558704fa929d9de"],
        ["Mathlib.Topology.UniformSpace.Cauchy transitive imports (legacy)",
         "c483940dfc660735"],
        ["Mathlib.Topology.UniformSpace.Cauchy:importAllArts",
         "2f5a1fc3f00a55b4"],
        ["Mathlib.Topology.Algebra.InfiniteSum.Real transitive imports (legacy)",
         "a68633ace8f8dd21"],
        ["Mathlib.Topology.Algebra.InfiniteSum.Real:importAllArts",
         "f7c70d0cb715065f"],
        ["Mathlib.Analysis.SpecificLimits.Basic transitive imports (legacy)",
         "e0f2d6a93815013a"],
        ["Mathlib.Analysis.SpecificLimits.Basic:importAllArts",
         "394ae4409fd18bd5"],
        ["Mathlib.Analysis.SpecialFunctions.Exp transitive imports (legacy)",
         "a5d6fe7159700e3f"],
        ["Mathlib.Analysis.SpecialFunctions.Exp:importAllArts",
         "1493f7983984acf6"]]]]],
    ["libs",
     [["import dynlibs", "00000000000006bb"],
      ["package external libraries", "00000000000006bb"],
      ["module dynlibs", "00000000000006bb"],
      ["module plugins", "00000000000006bb"]]]]],
  ["Lean 4.28.0, commit 7e01a1bf5c70fc6167d49c345d3bf80596e9a79b",
   "a96bc04a2e5e9630"],
  ["/tmp/ai4math-replication/lean/CreditAssignment/TD0.lean",
   "78c426711d8d8b64"],
  ["options", "00000000000006bb"],
  ["Module.leanArgs: #[]", "00000000000006bb"]],
 "depHash": "40d1f3621fc1dbd5"}