{"synthetic": false,
 "schemaVersion": "2025-09-10",
 "outputs":
 {"o": ["653662486ce2f4a7.olean"],
  "i": "95f35288c4e05998.ilean",
  "c": "3a5bb023466620e2.c"},
 "log":
 [{"message":
   ".> LEAN_PATH=/tmp/ai4math-replication/lean/.lake/packages/Cli/.lake/build/lib/lean:/tmp/ai4math-replication/lean/.lake/packages/batteries/.lake/build/lib/lean:/tmp/ai4math-replication/lean/.lake/packages/Qq/.lake/build/lib/lean:/tmp/ai4math-replication/lean/.lake/packages/aesop/.lake/build/lib/lean:/tmp/ai4math-replication/lean/.lake/packages/proofwidgets/.lake/build/lib/lean:/tmp/ai4math-replication/lean/.lake/packages/importGraph/.lake/build/lib/lean:/tmp/ai4math-replication/lean/.lake/packages/LeanSearchClient/.lake/build/lib/lean:/tmp/ai4math-replication/lean/.lake/packages/plausible/.lake/build/lib/lean:/tmp/ai4math-replication/lean/.lake/packages/mathlib/.lake/build/lib/lean:/tmp/ai4math-replication/lean/.lake/packages/Pythia/.lake/build/lib/lean:/tmp/ai4math-replication/lean/.lake/build/lib/lean /home/azureuser/.elan/toolchains/leanprover--lean4---v4.28.0/bin/lean /tmp/ai4math-replication/lean/CreditAssignment/TDLambda.lean -o /tmp/ai4math-replication/lean/.lake/build/lib/lean/CreditAssignment/TDLambda.olean -i /tmp/ai4math-replication/lean/.lake/build/lib/lean/CreditAssignment/TDLambda.ilean -c /tmp/ai4math-replication/lean/.lake/build/ir/CreditAssignment/TDLambda.c --setup /tmp/ai4math-replication/lean/.lake/build/ir/CreditAssignment/TDLambda.setup.json --json",
   "level": "trace"},
  {"message":
   "CreditAssignment/TDLambda.lean:31:9: unused variable `lam`\n\nNote: This linter can be disabled with `set_option linter.unusedVariables false`",
   "level": "warning"}],
 "inputs":
 [["CreditAssignment.TDLambda:deps",
   [["deps",
     [["CreditAssignment/CreditAssignment:extraDep",
       [["@CreditAssignment:extraDep", "00000000000006bb"]]],
      ["imports",
       [["CreditAssignment.Basic transitive imports (legacy)",
         "6aec46451c69913f"],
        ["CreditAssignment.Basic:importAllArts", "c6ba5485d78fac81"],
        ["CreditAssignment.EligibilityTrace transitive imports (legacy)",
         "51453095875c8d2d"],
        ["CreditAssignment.EligibilityTrace:importAllArts", "2ebd609e58bc1f54"],
        ["Mathlib.Topology.Order.Basic transitive imports (legacy)",
         "f33a13734b4e63b0"],
        ["Mathlib.Topology.Order.Basic:importAllArts", "83c22b9021a57522"],
        ["Mathlib.Topology.MetricSpace.Basic transitive imports (legacy)",
         "528a605eabfe830e"],
        ["Mathlib.Topology.MetricSpace.Basic:importAllArts",
         "9558704fa929d9de"],
        ["Mathlib.Analysis.SpecificLimits.Basic transitive imports (legacy)",
         "e0f2d6a93815013a"],
        ["Mathlib.Analysis.SpecificLimits.Basic:importAllArts",
         "394ae4409fd18bd5"],
        ["Mathlib.Topology.Algebra.InfiniteSum.Real transitive imports (legacy)",
         "a68633ace8f8dd21"],
        ["Mathlib.Topology.Algebra.InfiniteSum.Real:importAllArts",
         "f7c70d0cb715065f"],
        ["Mathlib.Analysis.Normed.Group.InfiniteSum transitive imports (legacy)",
         "8650ca2f2b6b0bb8"],
        ["Mathlib.Analysis.Normed.Group.InfiniteSum:importAllArts",
         "f878266943c05488"]]]]],
    ["libs",
     [["import dynlibs", "00000000000006bb"],
      ["package external libraries", "00000000000006bb"],
      ["module dynlibs", "00000000000006bb"],
      ["module plugins", "00000000000006bb"]]]]],
  ["Lean 4.28.0, commit 7e01a1bf5c70fc6167d49c345d3bf80596e9a79b",
   "a96bc04a2e5e9630"],
  ["/tmp/ai4math-replication/lean/CreditAssignment/TDLambda.lean",
   "943798bb49504172"],
  ["options", "00000000000006bb"],
  ["Module.leanArgs: #[]", "00000000000006bb"]],
 "depHash": "b1c0fcc3c76ec9fc"}