{"synthetic": false,
 "schemaVersion": "2025-09-10",
 "outputs":
 {"o": ["6a54538a44845f2e.olean"],
  "i": "13da95c8bd9b7f59.ilean",
  "c": "2e072d5cdb612d7e.c"},
 "log":
 [{"message":
   ".> LEAN_PATH=/tmp/ai4math-replication/lean/.lake/packages/Cli/.lake/build/lib/lean:/tmp/ai4math-replication/lean/.lake/packages/batteries/.lake/build/lib/lean:/tmp/ai4math-replication/lean/.lake/packages/Qq/.lake/build/lib/lean:/tmp/ai4math-replication/lean/.lake/packages/aesop/.lake/build/lib/lean:/tmp/ai4math-replication/lean/.lake/packages/proofwidgets/.lake/build/lib/lean:/tmp/ai4math-replication/lean/.lake/packages/importGraph/.lake/build/lib/lean:/tmp/ai4math-replication/lean/.lake/packages/LeanSearchClient/.lake/build/lib/lean:/tmp/ai4math-replication/lean/.lake/packages/plausible/.lake/build/lib/lean:/tmp/ai4math-replication/lean/.lake/packages/mathlib/.lake/build/lib/lean:/tmp/ai4math-replication/lean/.lake/packages/Pythia/.lake/build/lib/lean:/tmp/ai4math-replication/lean/.lake/build/lib/lean /home/azureuser/.elan/toolchains/leanprover--lean4---v4.28.0/bin/lean /tmp/ai4math-replication/lean/CreditAssignment.lean -o /tmp/ai4math-replication/lean/.lake/build/lib/lean/CreditAssignment.olean -i /tmp/ai4math-replication/lean/.lake/build/lib/lean/CreditAssignment.ilean -c /tmp/ai4math-replication/lean/.lake/build/ir/CreditAssignment.c --setup /tmp/ai4math-replication/lean/.lake/build/ir/CreditAssignment.setup.json --json",
   "level": "trace"}],
 "inputs":
 [["CreditAssignment:deps",
   [["deps",
     [["CreditAssignment/CreditAssignment:extraDep",
       [["@CreditAssignment:extraDep", "00000000000006bb"]]],
      ["imports",
       [["CreditAssignment.Basic transitive imports (legacy)",
         "6aec46451c69913f"],
        ["CreditAssignment.Basic:importAllArts", "c6ba5485d78fac81"],
        ["CreditAssignment.EligibilityTrace transitive imports (legacy)",
         "51453095875c8d2d"],
        ["CreditAssignment.EligibilityTrace:importAllArts", "2ebd609e58bc1f54"],
        ["CreditAssignment.TD0 transitive imports (legacy)",
         "07c58f0ec0153797"],
        ["CreditAssignment.TD0:importAllArts", "25a3c98235e506a5"],
        ["CreditAssignment.TDLambda transitive imports (legacy)",
         "2647a4a612415695"],
        ["CreditAssignment.TDLambda:importAllArts", "e6aff2f76aa0f3b1"],
        ["CreditAssignment.SARSA0 transitive imports (legacy)",
         "4eca239781aee01f"],
        ["CreditAssignment.SARSA0:importAllArts", "24697960f4b549b9"],
        ["CreditAssignment.SARSALambda transitive imports (legacy)",
         "3bf4bf12871796a4"],
        ["CreditAssignment.SARSALambda:importAllArts", "7faa6a65fdc0f1e3"],
        ["CreditAssignment.ActorCritic transitive imports (legacy)",
         "0173b564859aca05"],
        ["CreditAssignment.ActorCritic:importAllArts", "cfd5b5aae4c5e5de"],
        ["CreditAssignment.CreditWindow transitive imports (legacy)",
         "3bf4bf12871796a4"],
        ["CreditAssignment.CreditWindow:importAllArts", "b86b7d1b422b6de1"],
        ["CreditAssignment.TMRL transitive imports (legacy)",
         "75e124fa316fd335"],
        ["CreditAssignment.TMRL:importAllArts", "06658e19a44c6ef6"],
        ["CreditAssignment.Markowitz transitive imports (legacy)",
         "75e124fa316fd335"],
        ["CreditAssignment.Markowitz:importAllArts", "443a93327b3691dd"],
        ["CreditAssignment.MetaAnneal transitive imports (legacy)",
         "b83cdf4d84b29f4a"],
        ["CreditAssignment.MetaAnneal:importAllArts", "bea70d0cfa7c3afd"],
        ["CreditAssignment.ValueFreeTeachingSignal transitive imports (legacy)",
         "75e124fa316fd335"],
        ["CreditAssignment.ValueFreeTeachingSignal:importAllArts",
         "67c6fb19bd10de13"],
        ["CreditAssignment.DistinguishabilityMatrix transitive imports (legacy)",
         "cafd1709efc37fdd"],
        ["CreditAssignment.DistinguishabilityMatrix:importAllArts",
         "a658e5038be65051"]]]]],
    ["libs",
     [["import dynlibs", "00000000000006bb"],
      ["package external libraries", "00000000000006bb"],
      ["module dynlibs", "00000000000006bb"],
      ["module plugins", "00000000000006bb"]]]]],
  ["Lean 4.28.0, commit 7e01a1bf5c70fc6167d49c345d3bf80596e9a79b",
   "a96bc04a2e5e9630"],
  ["/tmp/ai4math-replication/lean/CreditAssignment.lean", "95a139e57bff1e71"],
  ["options", "00000000000006bb"],
  ["Module.leanArgs: #[]", "00000000000006bb"]],
 "depHash": "4acc584bedec9787"}